Center 1:
	- vaccins 		[                    ] 0%
	- vaccinated 	[                    ] 0%
Center 2:
	- vaccins 		[                    ] 0%
	- vaccinated 	[                    ] 0%
Center 3:
	- vaccins 		[                    ] 0%
	- vaccinated 	[                    ] 0%
