Center 1:
	- vaccins 		[=================== ] 97%
	- vaccinated 	[====================] 100%
Center 2:
	- vaccins 		[                    ] 0%
	- vaccinated 	[========            ] 43%
Center 3:
	- vaccins 		[                    ] 0%
	- vaccinated 	[=========           ] 45%
