Hub (11000): 
  -> Center 1 (0 vaccins)
  -> Center 2 (0 vaccins)
  -> Center 3 (0 vaccins)

Center 1: 0 gevaccineerd, nog 130521 inwoners niet gevaccineerd
Center 2: 0 gevaccineerd, nog 1523040 inwoners niet gevaccineerd
Center 3: 0 gevaccineerd, nog 750140 inwoners niet gevaccineerd
