Hub (200): 
  -> Center 1 (400 vaccins)
  -> Center 2 (1120 vaccins)
  -> Center 3 (200 vaccins)

Center 1: 0 gevaccineerd, nog 5043 inwoners niet gevaccineerd
Center 2: 0 gevaccineerd, nog 8011 inwoners niet gevaccineerd
Center 3: 0 gevaccineerd, nog 3021 inwoners niet gevaccineerd
