Er werden 1 ladingen ( 500 vaccins) getransporteerd naar Center 1.
Er werden 1 ladingen ( 500 vaccins) getransporteerd naar Center 2.
Er werden 1 ladingen ( 500 vaccins) getransporteerd naar Center 3.
Er werden 3 ladingen ( 1600 vaccins) getransporteerd naar Center 1.
Er werden 12 ladingen ( 6260 vaccins) getransporteerd naar Center 2.
Er werden 7 ladingen ( 3680 vaccins) getransporteerd naar Center 3.
Er werden 5 ladingen ( 2580 vaccins) getransporteerd naar Center 1.
Er werden 22 ladingen ( 11720 vaccins) getransporteerd naar Center 2.
Er werden 13 ladingen ( 6760 vaccins) getransporteerd naar Center 3.
Er werden 8 ladingen ( 4180 vaccins) getransporteerd naar Center 1.
Er werden 28 ladingen ( 14960 vaccins) getransporteerd naar Center 2.
Er werden 15 ladingen ( 7860 vaccins) getransporteerd naar Center 3.
Er werden 8 ladingen ( 4180 vaccins) getransporteerd naar Center 1.
Er werden 28 ladingen ( 14960 vaccins) getransporteerd naar Center 2.
Er werden 15 ladingen ( 7860 vaccins) getransporteerd naar Center 3.
Er werden 8 ladingen ( 4180 vaccins) getransporteerd naar Center 1.
Er werden 28 ladingen ( 14960 vaccins) getransporteerd naar Center 2.
Er werden 15 ladingen ( 7860 vaccins) getransporteerd naar Center 3.
Er werden 8 ladingen ( 4180 vaccins) getransporteerd naar Center 1.
Er werden 28 ladingen ( 14880 vaccins) getransporteerd naar Center 2.
Er werden 15 ladingen ( 7860 vaccins) getransporteerd naar Center 3.
Er werden 7 ladingen ( 3680 vaccins) getransporteerd naar Center 1.
Er werden 28 ladingen ( 14880 vaccins) getransporteerd naar Center 2.
Er werden 15 ladingen ( 7860 vaccins) getransporteerd naar Center 3.
Er werden 8 ladingen ( 4180 vaccins) getransporteerd naar Center 1.
Er werden 28 ladingen ( 14880 vaccins) getransporteerd naar Center 2.
Er werden 15 ladingen ( 7860 vaccins) getransporteerd naar Center 3.
Er werden 8 ladingen ( 4180 vaccins) getransporteerd naar Center 1.
Er werden 28 ladingen ( 14880 vaccins) getransporteerd naar Center 2.
Er werden 15 ladingen ( 7860 vaccins) getransporteerd naar Center 3.
Er werden 8 ladingen ( 4180 vaccins) getransporteerd naar Center 1.
Er werden 29 ladingen ( 15280 vaccins) getransporteerd naar Center 2.
Er werden 15 ladingen ( 7860 vaccins) getransporteerd naar Center 3.
Er werden 8 ladingen ( 4180 vaccins) getransporteerd naar Center 1.
Er werden 29 ladingen ( 15280 vaccins) getransporteerd naar Center 2.
Er werden 15 ladingen ( 7860 vaccins) getransporteerd naar Center 3.
Er werden 7 ladingen ( 3680 vaccins) getransporteerd naar Center 1.
Er werden 27 ladingen ( 14200 vaccins) getransporteerd naar Center 2.
Er werden 13 ladingen ( 6760 vaccins) getransporteerd naar Center 3.
Er werden 6 ladingen ( 3080 vaccins) getransporteerd naar Center 1.
Er werden 20 ladingen ( 10440 vaccins) getransporteerd naar Center 2.
Er werden 11 ladingen ( 5760 vaccins) getransporteerd naar Center 3.
Er werden 5 ladingen ( 2580 vaccins) getransporteerd naar Center 1.
Er werden 15 ladingen ( 7860 vaccins) getransporteerd naar Center 2.
Er werden 8 ladingen ( 4180 vaccins) getransporteerd naar Center 3.
Er werden 4 ladingen ( 2080 vaccins) getransporteerd naar Center 1.
Er werden 11 ladingen ( 5780 vaccins) getransporteerd naar Center 2.
Er werden 6 ladingen ( 3180 vaccins) getransporteerd naar Center 3.
Er werden 3 ladingen ( 1600 vaccins) getransporteerd naar Center 1.
Er werden 8 ladingen ( 4180 vaccins) getransporteerd naar Center 2.
Er werden 4 ladingen ( 2080 vaccins) getransporteerd naar Center 3.
Er werden 2 ladingen ( 1100 vaccins) getransporteerd naar Center 1.
Er werden 6 ladingen ( 3080 vaccins) getransporteerd naar Center 2.
Er werden 3 ladingen ( 1480 vaccins) getransporteerd naar Center 3.
Er werden 1 ladingen ( 500 vaccins) getransporteerd naar Center 1.
Er werden 5 ladingen ( 2580 vaccins) getransporteerd naar Center 2.
Er werden 3 ladingen ( 1480 vaccins) getransporteerd naar Center 3.
Er werden 1 ladingen ( 500 vaccins) getransporteerd naar Center 1.
Er werden 4 ladingen ( 2100 vaccins) getransporteerd naar Center 2.
Er werden 3 ladingen ( 1480 vaccins) getransporteerd naar Center 3.
Er werden 1 ladingen ( 500 vaccins) getransporteerd naar Center 1.
Er werden 3 ladingen ( 1600 vaccins) getransporteerd naar Center 2.
Er werden 3 ladingen ( 1480 vaccins) getransporteerd naar Center 3.
Er werden 1 ladingen ( 500 vaccins) getransporteerd naar Center 1.
Er werden 2 ladingen ( 1100 vaccins) getransporteerd naar Center 2.
Er werden 3 ladingen ( 1480 vaccins) getransporteerd naar Center 3.
Er werden 1 ladingen ( 500 vaccins) getransporteerd naar Center 1.
Er werden 3 ladingen ( 1600 vaccins) getransporteerd naar Center 2.
Er werden 4 ladingen ( 2080 vaccins) getransporteerd naar Center 3.
Er werden 3 ladingen ( 1600 vaccins) getransporteerd naar Center 1.
Er werden 13 ladingen ( 6760 vaccins) getransporteerd naar Center 2.
Er werden 8 ladingen ( 4180 vaccins) getransporteerd naar Center 3.
Er werden 5 ladingen ( 2580 vaccins) getransporteerd naar Center 1.
Er werden 25 ladingen ( 13020 vaccins) getransporteerd naar Center 2.
Er werden 13 ladingen ( 6760 vaccins) getransporteerd naar Center 3.
Er werden 8 ladingen ( 4180 vaccins) getransporteerd naar Center 1.
Er werden 31 ladingen ( 16200 vaccins) getransporteerd naar Center 2.
Er werden 15 ladingen ( 7860 vaccins) getransporteerd naar Center 3.
Er werden 8 ladingen ( 4180 vaccins) getransporteerd naar Center 1.
Er werden 31 ladingen ( 16200 vaccins) getransporteerd naar Center 2.
Er werden 15 ladingen ( 7860 vaccins) getransporteerd naar Center 3.
Er werden 8 ladingen ( 4180 vaccins) getransporteerd naar Center 1.
Er werden 31 ladingen ( 16200 vaccins) getransporteerd naar Center 2.
Er werden 15 ladingen ( 7860 vaccins) getransporteerd naar Center 3.
Er werden 8 ladingen ( 4180 vaccins) getransporteerd naar Center 1.
Er werden 31 ladingen ( 16200 vaccins) getransporteerd naar Center 2.
Er werden 15 ladingen ( 7860 vaccins) getransporteerd naar Center 3.
Er werden 7 ladingen ( 3680 vaccins) getransporteerd naar Center 1.
Er werden 31 ladingen ( 16200 vaccins) getransporteerd naar Center 2.
Er werden 15 ladingen ( 7860 vaccins) getransporteerd naar Center 3.
Er werden 8 ladingen ( 4180 vaccins) getransporteerd naar Center 1.
Er werden 31 ladingen ( 16200 vaccins) getransporteerd naar Center 2.
Er werden 15 ladingen ( 7860 vaccins) getransporteerd naar Center 3.
Er werden 8 ladingen ( 4180 vaccins) getransporteerd naar Center 1.
Er werden 31 ladingen ( 16200 vaccins) getransporteerd naar Center 2.
Er werden 15 ladingen ( 7860 vaccins) getransporteerd naar Center 3.
Er werden 8 ladingen ( 4180 vaccins) getransporteerd naar Center 1.
Er werden 31 ladingen ( 16200 vaccins) getransporteerd naar Center 2.
Er werden 15 ladingen ( 7860 vaccins) getransporteerd naar Center 3.
Er werden 8 ladingen ( 4180 vaccins) getransporteerd naar Center 1.
Er werden 31 ladingen ( 16200 vaccins) getransporteerd naar Center 2.
Er werden 15 ladingen ( 7860 vaccins) getransporteerd naar Center 3.
Er werden 7 ladingen ( 3680 vaccins) getransporteerd naar Center 1.
Er werden 28 ladingen ( 14620 vaccins) getransporteerd naar Center 2.
Er werden 13 ladingen ( 6760 vaccins) getransporteerd naar Center 3.
Er werden 6 ladingen ( 3080 vaccins) getransporteerd naar Center 1.
Er werden 21 ladingen ( 10940 vaccins) getransporteerd naar Center 2.
Er werden 10 ladingen ( 5280 vaccins) getransporteerd naar Center 3.
Er werden 5 ladingen ( 2580 vaccins) getransporteerd naar Center 1.
Er werden 16 ladingen ( 8360 vaccins) getransporteerd naar Center 2.
Er werden 7 ladingen ( 3680 vaccins) getransporteerd naar Center 3.
Er werden 4 ladingen ( 2080 vaccins) getransporteerd naar Center 1.
Er werden 12 ladingen ( 6260 vaccins) getransporteerd naar Center 2.
Er werden 5 ladingen ( 2580 vaccins) getransporteerd naar Center 3.
Er werden 3 ladingen ( 1600 vaccins) getransporteerd naar Center 1.
Er werden 9 ladingen ( 4660 vaccins) getransporteerd naar Center 2.
Er werden 4 ladingen ( 2080 vaccins) getransporteerd naar Center 3.
Er werden 2 ladingen ( 1100 vaccins) getransporteerd naar Center 1.
Er werden 7 ladingen ( 3680 vaccins) getransporteerd naar Center 2.
Er werden 3 ladingen ( 1600 vaccins) getransporteerd naar Center 3.
Er werden 1 ladingen ( 500 vaccins) getransporteerd naar Center 1.
Er werden 5 ladingen ( 2580 vaccins) getransporteerd naar Center 2.
Er werden 2 ladingen ( 1100 vaccins) getransporteerd naar Center 3.
Er werden 1 ladingen ( 500 vaccins) getransporteerd naar Center 1.
Er werden 4 ladingen ( 2080 vaccins) getransporteerd naar Center 2.
Er werden 1 ladingen ( 500 vaccins) getransporteerd naar Center 3.
Er werden 1 ladingen ( 500 vaccins) getransporteerd naar Center 1.
Er werden 3 ladingen ( 1600 vaccins) getransporteerd naar Center 2.
Er werden 1 ladingen ( 500 vaccins) getransporteerd naar Center 3.
Er werden 1 ladingen ( 500 vaccins) getransporteerd naar Center 1.
Er werden 2 ladingen ( 1100 vaccins) getransporteerd naar Center 2.
Er werden 1 ladingen ( 500 vaccins) getransporteerd naar Center 3.
Er werden 0 ladingen ( 0 vaccins) getransporteerd naar Center 1.
Er werden 3 ladingen ( 1600 vaccins) getransporteerd naar Center 2.
Er werden 3 ladingen ( 1600 vaccins) getransporteerd naar Center 3.
Er werden 2 ladingen ( 1100 vaccins) getransporteerd naar Center 1.
Er werden 12 ladingen ( 6260 vaccins) getransporteerd naar Center 2.
Er werden 7 ladingen ( 3680 vaccins) getransporteerd naar Center 3.
Er werden 3 ladingen ( 1600 vaccins) getransporteerd naar Center 1.
Er werden 23 ladingen ( 12040 vaccins) getransporteerd naar Center 2.
Er werden 13 ladingen ( 6760 vaccins) getransporteerd naar Center 3.
Er werden 5 ladingen ( 2580 vaccins) getransporteerd naar Center 1.
Er werden 31 ladingen ( 16200 vaccins) getransporteerd naar Center 2.
Er werden 15 ladingen ( 7860 vaccins) getransporteerd naar Center 3.
Er werden 5 ladingen ( 2580 vaccins) getransporteerd naar Center 1.
Er werden 31 ladingen ( 16200 vaccins) getransporteerd naar Center 2.
Er werden 15 ladingen ( 7860 vaccins) getransporteerd naar Center 3.
Er werden 6 ladingen ( 3180 vaccins) getransporteerd naar Center 1.
Er werden 31 ladingen ( 16200 vaccins) getransporteerd naar Center 2.
Er werden 15 ladingen ( 7860 vaccins) getransporteerd naar Center 3.
