Er werden 8 ladingen ( 4160 vaccins) getransporteerd naar Center 1.
Er werden 25 ladingen ( 13280 vaccins) getransporteerd naar Center 2.
Er werden 14 ladingen ( 7520 vaccins) getransporteerd naar Center 3.
Er werden 6 ladingen ( 3080 vaccins) getransporteerd naar Center 1.
Er werden 18 ladingen ( 9800 vaccins) getransporteerd naar Center 2.
Er werden 9 ladingen ( 4760 vaccins) getransporteerd naar Center 3.
Er werden 5 ladingen ( 2580 vaccins) getransporteerd naar Center 1.
Er werden 11 ladingen ( 5840 vaccins) getransporteerd naar Center 2.
Er werden 6 ladingen ( 3080 vaccins) getransporteerd naar Center 3.
Er werden 4 ladingen ( 2080 vaccins) getransporteerd naar Center 1.
Er werden 7 ladingen ( 3680 vaccins) getransporteerd naar Center 2.
Er werden 5 ladingen ( 2580 vaccins) getransporteerd naar Center 3.
Er werden 3 ladingen ( 1600 vaccins) getransporteerd naar Center 1.
Er werden 5 ladingen ( 2580 vaccins) getransporteerd naar Center 2.
Er werden 4 ladingen ( 2080 vaccins) getransporteerd naar Center 3.
Er werden 2 ladingen ( 1100 vaccins) getransporteerd naar Center 1.
Er werden 5 ladingen ( 2580 vaccins) getransporteerd naar Center 2.
Er werden 3 ladingen ( 1600 vaccins) getransporteerd naar Center 3.
Er werden 1 ladingen ( 500 vaccins) getransporteerd naar Center 1.
Er werden 3 ladingen ( 1600 vaccins) getransporteerd naar Center 2.
Er werden 2 ladingen ( 1100 vaccins) getransporteerd naar Center 3.
Er werden 1 ladingen ( 500 vaccins) getransporteerd naar Center 1.
Er werden 2 ladingen ( 1100 vaccins) getransporteerd naar Center 2.
Er werden 1 ladingen ( 500 vaccins) getransporteerd naar Center 3.
Er werden 1 ladingen ( 500 vaccins) getransporteerd naar Center 1.
Er werden 1 ladingen ( 500 vaccins) getransporteerd naar Center 2.
Er werden 1 ladingen ( 500 vaccins) getransporteerd naar Center 3.
Er werden 1 ladingen ( 500 vaccins) getransporteerd naar Center 1.
Er werden 1 ladingen ( 500 vaccins) getransporteerd naar Center 2.
Er werden 1 ladingen ( 500 vaccins) getransporteerd naar Center 3.
