Er werden 4160 inwoners gevaccineerd valid Center 1
Er werden 13280 inwoners gevaccineerd valid Center 2
Er werden 7520 inwoners gevaccineerd valid Center 3
Er werden 4280 inwoners gevaccineerd valid Center 1
Er werden 13500 inwoners gevaccineerd valid Center 2
Er werden 7460 inwoners gevaccineerd valid Center 3
Er werden 4380 inwoners gevaccineerd valid Center 1
Er werden 12540 inwoners gevaccineerd valid Center 2
Er werden 6980 inwoners gevaccineerd valid Center 3
Er werden 3880 inwoners gevaccineerd valid Center 1
Er werden 11580 inwoners gevaccineerd valid Center 2
Er werden 6480 inwoners gevaccineerd valid Center 3
Er werden 3400 inwoners gevaccineerd valid Center 1
Er werden 11080 inwoners gevaccineerd valid Center 2
Er werden 5980 inwoners gevaccineerd valid Center 3
Er werden 2900 inwoners gevaccineerd valid Center 1
Er werden 11080 inwoners gevaccineerd valid Center 2
Er werden 5500 inwoners gevaccineerd valid Center 3
Er werden 2900 inwoners gevaccineerd valid Center 1
Er werden 10100 inwoners gevaccineerd valid Center 2
Er werden 5000 inwoners gevaccineerd valid Center 3
Er werden 2900 inwoners gevaccineerd valid Center 1
Er werden 9600 inwoners gevaccineerd valid Center 2
Er werden 5000 inwoners gevaccineerd valid Center 3
Er werden 2900 inwoners gevaccineerd valid Center 1
Er werden 9600 inwoners gevaccineerd valid Center 2
Er werden 5000 inwoners gevaccineerd valid Center 3
Er werden 2900 inwoners gevaccineerd valid Center 1
Er werden 9600 inwoners gevaccineerd valid Center 2
Er werden 5000 inwoners gevaccineerd valid Center 3
Er werden 4100 inwoners gevaccineerd valid Center 1
Er werden 15600 inwoners gevaccineerd valid Center 2
Er werden 8600 inwoners gevaccineerd valid Center 3
Er werden 4600 inwoners gevaccineerd valid Center 1
Er werden 17660 inwoners gevaccineerd valid Center 2
Er werden 8480 inwoners gevaccineerd valid Center 3
Er werden 4380 inwoners gevaccineerd valid Center 1
Er werden 15820 inwoners gevaccineerd valid Center 2
Er werden 8260 inwoners gevaccineerd valid Center 3
Er werden 4080 inwoners gevaccineerd valid Center 1
Er werden 14960 inwoners gevaccineerd valid Center 2
Er werden 7860 inwoners gevaccineerd valid Center 3
Er werden 4080 inwoners gevaccineerd valid Center 1
Er werden 14960 inwoners gevaccineerd valid Center 2
Er werden 7860 inwoners gevaccineerd valid Center 3
Er werden 4080 inwoners gevaccineerd valid Center 1
Er werden 14960 inwoners gevaccineerd valid Center 2
Er werden 7860 inwoners gevaccineerd valid Center 3
Er werden 4080 inwoners gevaccineerd valid Center 1
Er werden 14880 inwoners gevaccineerd valid Center 2
Er werden 7860 inwoners gevaccineerd valid Center 3
Er werden 4080 inwoners gevaccineerd valid Center 1
Er werden 14880 inwoners gevaccineerd valid Center 2
Er werden 7860 inwoners gevaccineerd valid Center 3
Er werden 4080 inwoners gevaccineerd valid Center 1
Er werden 14880 inwoners gevaccineerd valid Center 2
Er werden 7860 inwoners gevaccineerd valid Center 3
Er werden 4080 inwoners gevaccineerd valid Center 1
Er werden 14880 inwoners gevaccineerd valid Center 2
Er werden 7860 inwoners gevaccineerd valid Center 3
Er werden 4080 inwoners gevaccineerd valid Center 1
Er werden 15280 inwoners gevaccineerd valid Center 2
Er werden 7860 inwoners gevaccineerd valid Center 3
Er werden 4080 inwoners gevaccineerd valid Center 1
Er werden 15280 inwoners gevaccineerd valid Center 2
Er werden 7860 inwoners gevaccineerd valid Center 3
Er werden 4080 inwoners gevaccineerd valid Center 1
Er werden 15500 inwoners gevaccineerd valid Center 2
Er werden 7660 inwoners gevaccineerd valid Center 3
Er werden 4280 inwoners gevaccineerd valid Center 1
Er werden 16540 inwoners gevaccineerd valid Center 2
Er werden 8460 inwoners gevaccineerd valid Center 3
Er werden 4380 inwoners gevaccineerd valid Center 1
Er werden 14560 inwoners gevaccineerd valid Center 2
Er werden 7480 inwoners gevaccineerd valid Center 3
Er werden 3880 inwoners gevaccineerd valid Center 1
Er werden 13080 inwoners gevaccineerd valid Center 2
Er werden 6480 inwoners gevaccineerd valid Center 3
Er werden 3400 inwoners gevaccineerd valid Center 1
Er werden 12080 inwoners gevaccineerd valid Center 2
Er werden 5980 inwoners gevaccineerd valid Center 3
Er werden 2900 inwoners gevaccineerd valid Center 1
Er werden 11580 inwoners gevaccineerd valid Center 2
Er werden 5980 inwoners gevaccineerd valid Center 3
Er werden 2900 inwoners gevaccineerd valid Center 1
Er werden 11080 inwoners gevaccineerd valid Center 2
Er werden 5980 inwoners gevaccineerd valid Center 3
Er werden 2900 inwoners gevaccineerd valid Center 1
Er werden 10600 inwoners gevaccineerd valid Center 2
Er werden 5980 inwoners gevaccineerd valid Center 3
