Er werden 3680 inwoners gevaccineerd valid Center 1
Er werden 4180 inwoners gevaccineerd valid Center 2
Er werden 9600 inwoners gevaccineerd valid Center 3
Er werden 6160 inwoners gevaccineerd valid Center 4
Er werden 7040 inwoners gevaccineerd valid Center 5
Er werden 3780 inwoners gevaccineerd valid Center 1
Er werden 4880 inwoners gevaccineerd valid Center 2
Er werden 9920 inwoners gevaccineerd valid Center 3
Er werden 6160 inwoners gevaccineerd valid Center 4
Er werden 7040 inwoners gevaccineerd valid Center 5
Er werden 3480 inwoners gevaccineerd valid Center 1
Er werden 4480 inwoners gevaccineerd valid Center 2
Er werden 9440 inwoners gevaccineerd valid Center 3
Er werden 6160 inwoners gevaccineerd valid Center 4
Er werden 7040 inwoners gevaccineerd valid Center 5
Er werden 3000 inwoners gevaccineerd valid Center 1
Er werden 3500 inwoners gevaccineerd valid Center 2
Er werden 8380 inwoners gevaccineerd valid Center 3
Er werden 5820 inwoners gevaccineerd valid Center 4
Er werden 7040 inwoners gevaccineerd valid Center 5
Er werden 2980 inwoners gevaccineerd valid Center 1
Er werden 3000 inwoners gevaccineerd valid Center 2
Er werden 6980 inwoners gevaccineerd valid Center 3
Er werden 0 inwoners gevaccineerd valid Center 4
Er werden 7040 inwoners gevaccineerd valid Center 5
Er werden 2980 inwoners gevaccineerd valid Center 1
Er werden 3000 inwoners gevaccineerd valid Center 2
Er werden 6480 inwoners gevaccineerd valid Center 3
Er werden 3360 inwoners gevaccineerd valid Center 4
Er werden 7040 inwoners gevaccineerd valid Center 5
Er werden 2980 inwoners gevaccineerd valid Center 1
Er werden 3000 inwoners gevaccineerd valid Center 2
Er werden 6000 inwoners gevaccineerd valid Center 3
Er werden 3360 inwoners gevaccineerd valid Center 4
Er werden 7040 inwoners gevaccineerd valid Center 5
Er werden 2980 inwoners gevaccineerd valid Center 1
Er werden 3000 inwoners gevaccineerd valid Center 2
Er werden 5980 inwoners gevaccineerd valid Center 3
Er werden 3360 inwoners gevaccineerd valid Center 4
Er werden 7040 inwoners gevaccineerd valid Center 5
Er werden 2980 inwoners gevaccineerd valid Center 1
Er werden 3000 inwoners gevaccineerd valid Center 2
Er werden 5980 inwoners gevaccineerd valid Center 3
Er werden 3360 inwoners gevaccineerd valid Center 4
Er werden 7040 inwoners gevaccineerd valid Center 5
Er werden 2980 inwoners gevaccineerd valid Center 1
Er werden 3000 inwoners gevaccineerd valid Center 2
Er werden 5980 inwoners gevaccineerd valid Center 3
Er werden 0 inwoners gevaccineerd valid Center 4
Er werden 7040 inwoners gevaccineerd valid Center 5
Er werden 3980 inwoners gevaccineerd valid Center 1
Er werden 4200 inwoners gevaccineerd valid Center 2
Er werden 7780 inwoners gevaccineerd valid Center 3
Er werden 0 inwoners gevaccineerd valid Center 4
Er werden 7040 inwoners gevaccineerd valid Center 5
Er werden 3880 inwoners gevaccineerd valid Center 1
Er werden 4600 inwoners gevaccineerd valid Center 2
Er werden 9780 inwoners gevaccineerd valid Center 3
Er werden 0 inwoners gevaccineerd valid Center 4
Er werden 7040 inwoners gevaccineerd valid Center 5
Er werden 3780 inwoners gevaccineerd valid Center 1
Er werden 4880 inwoners gevaccineerd valid Center 2
Er werden 9840 inwoners gevaccineerd valid Center 3
Er werden 0 inwoners gevaccineerd valid Center 4
Er werden 7040 inwoners gevaccineerd valid Center 5
Er werden 3680 inwoners gevaccineerd valid Center 1
Er werden 4180 inwoners gevaccineerd valid Center 2
Er werden 9640 inwoners gevaccineerd valid Center 3
Er werden 0 inwoners gevaccineerd valid Center 4
Er werden 7040 inwoners gevaccineerd valid Center 5
Er werden 3680 inwoners gevaccineerd valid Center 1
Er werden 4180 inwoners gevaccineerd valid Center 2
Er werden 9720 inwoners gevaccineerd valid Center 3
Er werden 0 inwoners gevaccineerd valid Center 4
Er werden 7040 inwoners gevaccineerd valid Center 5
Er werden 3680 inwoners gevaccineerd valid Center 1
Er werden 4180 inwoners gevaccineerd valid Center 2
Er werden 9720 inwoners gevaccineerd valid Center 3
Er werden 0 inwoners gevaccineerd valid Center 4
Er werden 7040 inwoners gevaccineerd valid Center 5
Er werden 3680 inwoners gevaccineerd valid Center 1
Er werden 4180 inwoners gevaccineerd valid Center 2
Er werden 9720 inwoners gevaccineerd valid Center 3
Er werden 0 inwoners gevaccineerd valid Center 4
Er werden 7040 inwoners gevaccineerd valid Center 5
Er werden 3680 inwoners gevaccineerd valid Center 1
Er werden 4180 inwoners gevaccineerd valid Center 2
Er werden 9720 inwoners gevaccineerd valid Center 3
Er werden 0 inwoners gevaccineerd valid Center 4
Er werden 7040 inwoners gevaccineerd valid Center 5
Er werden 3680 inwoners gevaccineerd valid Center 1
Er werden 4180 inwoners gevaccineerd valid Center 2
Er werden 9720 inwoners gevaccineerd valid Center 3
Er werden 0 inwoners gevaccineerd valid Center 4
Er werden 7040 inwoners gevaccineerd valid Center 5
Er werden 3680 inwoners gevaccineerd valid Center 1
Er werden 4180 inwoners gevaccineerd valid Center 2
Er werden 9720 inwoners gevaccineerd valid Center 3
Er werden 0 inwoners gevaccineerd valid Center 4
Er werden 7040 inwoners gevaccineerd valid Center 5
Er werden 3680 inwoners gevaccineerd valid Center 1
Er werden 4180 inwoners gevaccineerd valid Center 2
Er werden 9720 inwoners gevaccineerd valid Center 3
Er werden 0 inwoners gevaccineerd valid Center 4
Er werden 7040 inwoners gevaccineerd valid Center 5
Er werden 3680 inwoners gevaccineerd valid Center 1
Er werden 4180 inwoners gevaccineerd valid Center 2
Er werden 9720 inwoners gevaccineerd valid Center 3
Er werden 0 inwoners gevaccineerd valid Center 4
Er werden 7040 inwoners gevaccineerd valid Center 5
Er werden 3780 inwoners gevaccineerd valid Center 1
Er werden 4180 inwoners gevaccineerd valid Center 2
Er werden 9720 inwoners gevaccineerd valid Center 3
Er werden 0 inwoners gevaccineerd valid Center 4
Er werden 6976 inwoners gevaccineerd valid Center 5
Er werden 3480 inwoners gevaccineerd valid Center 1
Er werden 4880 inwoners gevaccineerd valid Center 2
Er werden 9640 inwoners gevaccineerd valid Center 3
Er werden 0 inwoners gevaccineerd valid Center 4
Er werden 0 inwoners gevaccineerd valid Center 5
Er werden 3000 inwoners gevaccineerd valid Center 1
Er werden 4480 inwoners gevaccineerd valid Center 2
Er werden 9360 inwoners gevaccineerd valid Center 3
Er werden 0 inwoners gevaccineerd valid Center 4
Er werden 0 inwoners gevaccineerd valid Center 5
Er werden 2980 inwoners gevaccineerd valid Center 1
Er werden 3500 inwoners gevaccineerd valid Center 2
Er werden 7960 inwoners gevaccineerd valid Center 3
Er werden 0 inwoners gevaccineerd valid Center 4
Er werden 3840 inwoners gevaccineerd valid Center 5
Er werden 2980 inwoners gevaccineerd valid Center 1
Er werden 3000 inwoners gevaccineerd valid Center 2
Er werden 7460 inwoners gevaccineerd valid Center 3
Er werden 0 inwoners gevaccineerd valid Center 4
Er werden 3840 inwoners gevaccineerd valid Center 5
Er werden 2980 inwoners gevaccineerd valid Center 1
Er werden 3000 inwoners gevaccineerd valid Center 2
Er werden 6980 inwoners gevaccineerd valid Center 3
Er werden 0 inwoners gevaccineerd valid Center 4
Er werden 3840 inwoners gevaccineerd valid Center 5
Er werden 2980 inwoners gevaccineerd valid Center 1
Er werden 3000 inwoners gevaccineerd valid Center 2
Er werden 6400 inwoners gevaccineerd valid Center 3
Er werden 0 inwoners gevaccineerd valid Center 4
Er werden 0 inwoners gevaccineerd valid Center 5
Er werden 2980 inwoners gevaccineerd valid Center 1
Er werden 3000 inwoners gevaccineerd valid Center 2
Er werden 5500 inwoners gevaccineerd valid Center 3
Er werden 0 inwoners gevaccineerd valid Center 4
Er werden 0 inwoners gevaccineerd valid Center 5
Er werden 2980 inwoners gevaccineerd valid Center 1
Er werden 3000 inwoners gevaccineerd valid Center 2
Er werden 5500 inwoners gevaccineerd valid Center 3
Er werden 0 inwoners gevaccineerd valid Center 4
Er werden 0 inwoners gevaccineerd valid Center 5
Er werden 3580 inwoners gevaccineerd valid Center 1
Er werden 3000 inwoners gevaccineerd valid Center 2
Er werden 5500 inwoners gevaccineerd valid Center 3
Er werden 0 inwoners gevaccineerd valid Center 4
Er werden 0 inwoners gevaccineerd valid Center 5
Er werden 4000 inwoners gevaccineerd valid Center 1
Er werden 4200 inwoners gevaccineerd valid Center 2
Er werden 7500 inwoners gevaccineerd valid Center 3
Er werden 0 inwoners gevaccineerd valid Center 4
Er werden 0 inwoners gevaccineerd valid Center 5
Er werden 3780 inwoners gevaccineerd valid Center 1
Er werden 4600 inwoners gevaccineerd valid Center 2
Er werden 9780 inwoners gevaccineerd valid Center 3
Er werden 0 inwoners gevaccineerd valid Center 4
Er werden 0 inwoners gevaccineerd valid Center 5
Er werden 3680 inwoners gevaccineerd valid Center 1
Er werden 4880 inwoners gevaccineerd valid Center 2
Er werden 9760 inwoners gevaccineerd valid Center 3
Er werden 0 inwoners gevaccineerd valid Center 4
Er werden 0 inwoners gevaccineerd valid Center 5
Er werden 3680 inwoners gevaccineerd valid Center 1
Er werden 4180 inwoners gevaccineerd valid Center 2
Er werden 9540 inwoners gevaccineerd valid Center 3
Er werden 0 inwoners gevaccineerd valid Center 4
Er werden 0 inwoners gevaccineerd valid Center 5
Er werden 3680 inwoners gevaccineerd valid Center 1
Er werden 4180 inwoners gevaccineerd valid Center 2
Er werden 9720 inwoners gevaccineerd valid Center 3
Er werden 0 inwoners gevaccineerd valid Center 4
Er werden 0 inwoners gevaccineerd valid Center 5
Er werden 3680 inwoners gevaccineerd valid Center 1
Er werden 4180 inwoners gevaccineerd valid Center 2
Er werden 9720 inwoners gevaccineerd valid Center 3
Er werden 0 inwoners gevaccineerd valid Center 4
Er werden 0 inwoners gevaccineerd valid Center 5
Er werden 3680 inwoners gevaccineerd valid Center 1
Er werden 4180 inwoners gevaccineerd valid Center 2
Er werden 9720 inwoners gevaccineerd valid Center 3
Er werden 0 inwoners gevaccineerd valid Center 4
Er werden 0 inwoners gevaccineerd valid Center 5
Er werden 3680 inwoners gevaccineerd valid Center 1
Er werden 4180 inwoners gevaccineerd valid Center 2
Er werden 9720 inwoners gevaccineerd valid Center 3
Er werden 0 inwoners gevaccineerd valid Center 4
Er werden 0 inwoners gevaccineerd valid Center 5
Er werden 3680 inwoners gevaccineerd valid Center 1
Er werden 4180 inwoners gevaccineerd valid Center 2
Er werden 9720 inwoners gevaccineerd valid Center 3
Er werden 0 inwoners gevaccineerd valid Center 4
Er werden 0 inwoners gevaccineerd valid Center 5
Er werden 3680 inwoners gevaccineerd valid Center 1
Er werden 4180 inwoners gevaccineerd valid Center 2
Er werden 9720 inwoners gevaccineerd valid Center 3
Er werden 0 inwoners gevaccineerd valid Center 4
Er werden 0 inwoners gevaccineerd valid Center 5
Er werden 3680 inwoners gevaccineerd valid Center 1
Er werden 4180 inwoners gevaccineerd valid Center 2
Er werden 9720 inwoners gevaccineerd valid Center 3
Er werden 0 inwoners gevaccineerd valid Center 4
Er werden 0 inwoners gevaccineerd valid Center 5
Er werden 3680 inwoners gevaccineerd valid Center 1
Er werden 4180 inwoners gevaccineerd valid Center 2
Er werden 9720 inwoners gevaccineerd valid Center 3
Er werden 0 inwoners gevaccineerd valid Center 4
Er werden 0 inwoners gevaccineerd valid Center 5
Er werden 3780 inwoners gevaccineerd valid Center 1
Er werden 4180 inwoners gevaccineerd valid Center 2
Er werden 9720 inwoners gevaccineerd valid Center 3
Er werden 0 inwoners gevaccineerd valid Center 4
Er werden 0 inwoners gevaccineerd valid Center 5
Er werden 3480 inwoners gevaccineerd valid Center 1
Er werden 4880 inwoners gevaccineerd valid Center 2
Er werden 9840 inwoners gevaccineerd valid Center 3
Er werden 0 inwoners gevaccineerd valid Center 4
Er werden 0 inwoners gevaccineerd valid Center 5
Er werden 3000 inwoners gevaccineerd valid Center 1
Er werden 4480 inwoners gevaccineerd valid Center 2
Er werden 8960 inwoners gevaccineerd valid Center 3
Er werden 0 inwoners gevaccineerd valid Center 4
Er werden 0 inwoners gevaccineerd valid Center 5
Er werden 2980 inwoners gevaccineerd valid Center 1
Er werden 3500 inwoners gevaccineerd valid Center 2
Er werden 7960 inwoners gevaccineerd valid Center 3
Er werden 0 inwoners gevaccineerd valid Center 4
Er werden 0 inwoners gevaccineerd valid Center 5
Er werden 2980 inwoners gevaccineerd valid Center 1
Er werden 3000 inwoners gevaccineerd valid Center 2
Er werden 7380 inwoners gevaccineerd valid Center 3
Er werden 0 inwoners gevaccineerd valid Center 4
Er werden 0 inwoners gevaccineerd valid Center 5
Er werden 2980 inwoners gevaccineerd valid Center 1
Er werden 3000 inwoners gevaccineerd valid Center 2
Er werden 6480 inwoners gevaccineerd valid Center 3
Er werden 0 inwoners gevaccineerd valid Center 4
Er werden 0 inwoners gevaccineerd valid Center 5
Er werden 2980 inwoners gevaccineerd valid Center 1
Er werden 3000 inwoners gevaccineerd valid Center 2
Er werden 6000 inwoners gevaccineerd valid Center 3
Er werden 0 inwoners gevaccineerd valid Center 4
Er werden 0 inwoners gevaccineerd valid Center 5
Er werden 2980 inwoners gevaccineerd valid Center 1
Er werden 3000 inwoners gevaccineerd valid Center 2
Er werden 5500 inwoners gevaccineerd valid Center 3
Er werden 0 inwoners gevaccineerd valid Center 4
Er werden 0 inwoners gevaccineerd valid Center 5
Er werden 2980 inwoners gevaccineerd valid Center 1
Er werden 3000 inwoners gevaccineerd valid Center 2
Er werden 5500 inwoners gevaccineerd valid Center 3
Er werden 0 inwoners gevaccineerd valid Center 4
Er werden 0 inwoners gevaccineerd valid Center 5
Er werden 3980 inwoners gevaccineerd valid Center 1
Er werden 3000 inwoners gevaccineerd valid Center 2
Er werden 5500 inwoners gevaccineerd valid Center 3
Er werden 0 inwoners gevaccineerd valid Center 4
Er werden 0 inwoners gevaccineerd valid Center 5
Er werden 3880 inwoners gevaccineerd valid Center 1
Er werden 4200 inwoners gevaccineerd valid Center 2
Er werden 7100 inwoners gevaccineerd valid Center 3
Er werden 0 inwoners gevaccineerd valid Center 4
Er werden 0 inwoners gevaccineerd valid Center 5
Er werden 3780 inwoners gevaccineerd valid Center 1
Er werden 4600 inwoners gevaccineerd valid Center 2
Er werden 9880 inwoners gevaccineerd valid Center 3
Er werden 0 inwoners gevaccineerd valid Center 4
Er werden 0 inwoners gevaccineerd valid Center 5
Er werden 3680 inwoners gevaccineerd valid Center 1
Er werden 4880 inwoners gevaccineerd valid Center 2
Er werden 9960 inwoners gevaccineerd valid Center 3
Er werden 0 inwoners gevaccineerd valid Center 4
Er werden 0 inwoners gevaccineerd valid Center 5
Er werden 3680 inwoners gevaccineerd valid Center 1
Er werden 4180 inwoners gevaccineerd valid Center 2
Er werden 9820 inwoners gevaccineerd valid Center 3
Er werden 0 inwoners gevaccineerd valid Center 4
Er werden 0 inwoners gevaccineerd valid Center 5
Er werden 3680 inwoners gevaccineerd valid Center 1
Er werden 4180 inwoners gevaccineerd valid Center 2
Er werden 9720 inwoners gevaccineerd valid Center 3
Er werden 0 inwoners gevaccineerd valid Center 4
Er werden 0 inwoners gevaccineerd valid Center 5
Er werden 3680 inwoners gevaccineerd valid Center 1
Er werden 4180 inwoners gevaccineerd valid Center 2
Er werden 9720 inwoners gevaccineerd valid Center 3
Er werden 0 inwoners gevaccineerd valid Center 4
Er werden 0 inwoners gevaccineerd valid Center 5
Er werden 3680 inwoners gevaccineerd valid Center 1
Er werden 4180 inwoners gevaccineerd valid Center 2
Er werden 9720 inwoners gevaccineerd valid Center 3
Er werden 0 inwoners gevaccineerd valid Center 4
Er werden 0 inwoners gevaccineerd valid Center 5
Er werden 3680 inwoners gevaccineerd valid Center 1
Er werden 4180 inwoners gevaccineerd valid Center 2
Er werden 9720 inwoners gevaccineerd valid Center 3
Er werden 0 inwoners gevaccineerd valid Center 4
Er werden 0 inwoners gevaccineerd valid Center 5
Er werden 3680 inwoners gevaccineerd valid Center 1
Er werden 4180 inwoners gevaccineerd valid Center 2
Er werden 9720 inwoners gevaccineerd valid Center 3
Er werden 0 inwoners gevaccineerd valid Center 4
Er werden 0 inwoners gevaccineerd valid Center 5
Er werden 3680 inwoners gevaccineerd valid Center 1
Er werden 4180 inwoners gevaccineerd valid Center 2
Er werden 9720 inwoners gevaccineerd valid Center 3
Er werden 0 inwoners gevaccineerd valid Center 4
Er werden 0 inwoners gevaccineerd valid Center 5
Er werden 3680 inwoners gevaccineerd valid Center 1
Er werden 4180 inwoners gevaccineerd valid Center 2
Er werden 9720 inwoners gevaccineerd valid Center 3
Er werden 0 inwoners gevaccineerd valid Center 4
Er werden 0 inwoners gevaccineerd valid Center 5
Er werden 3780 inwoners gevaccineerd valid Center 1
Er werden 4180 inwoners gevaccineerd valid Center 2
Er werden 9720 inwoners gevaccineerd valid Center 3
Er werden 0 inwoners gevaccineerd valid Center 4
Er werden 0 inwoners gevaccineerd valid Center 5
Er werden 3480 inwoners gevaccineerd valid Center 1
Er werden 4180 inwoners gevaccineerd valid Center 2
Er werden 9720 inwoners gevaccineerd valid Center 3
Er werden 0 inwoners gevaccineerd valid Center 4
Er werden 0 inwoners gevaccineerd valid Center 5
Er werden 740 inwoners gevaccineerd valid Center 1
Er werden 4880 inwoners gevaccineerd valid Center 2
Er werden 9640 inwoners gevaccineerd valid Center 3
Er werden 0 inwoners gevaccineerd valid Center 4
Er werden 0 inwoners gevaccineerd valid Center 5
Er werden 0 inwoners gevaccineerd valid Center 1
Er werden 4480 inwoners gevaccineerd valid Center 2
Er werden 9440 inwoners gevaccineerd valid Center 3
Er werden 0 inwoners gevaccineerd valid Center 4
Er werden 0 inwoners gevaccineerd valid Center 5
Er werden 0 inwoners gevaccineerd valid Center 1
Er werden 3500 inwoners gevaccineerd valid Center 2
Er werden 8380 inwoners gevaccineerd valid Center 3
Er werden 0 inwoners gevaccineerd valid Center 4
Er werden 0 inwoners gevaccineerd valid Center 5
Er werden 0 inwoners gevaccineerd valid Center 1
Er werden 3000 inwoners gevaccineerd valid Center 2
Er werden 6980 inwoners gevaccineerd valid Center 3
Er werden 0 inwoners gevaccineerd valid Center 4
Er werden 0 inwoners gevaccineerd valid Center 5
Er werden 0 inwoners gevaccineerd valid Center 1
Er werden 3000 inwoners gevaccineerd valid Center 2
Er werden 6480 inwoners gevaccineerd valid Center 3
Er werden 0 inwoners gevaccineerd valid Center 4
Er werden 0 inwoners gevaccineerd valid Center 5
Er werden 0 inwoners gevaccineerd valid Center 1
Er werden 3000 inwoners gevaccineerd valid Center 2
Er werden 6000 inwoners gevaccineerd valid Center 3
Er werden 0 inwoners gevaccineerd valid Center 4
Er werden 0 inwoners gevaccineerd valid Center 5
Er werden 0 inwoners gevaccineerd valid Center 1
Er werden 3000 inwoners gevaccineerd valid Center 2
Er werden 5980 inwoners gevaccineerd valid Center 3
Er werden 0 inwoners gevaccineerd valid Center 4
Er werden 0 inwoners gevaccineerd valid Center 5
Er werden 600 inwoners gevaccineerd valid Center 1
Er werden 3000 inwoners gevaccineerd valid Center 2
Er werden 5980 inwoners gevaccineerd valid Center 3
Er werden 0 inwoners gevaccineerd valid Center 4
Er werden 0 inwoners gevaccineerd valid Center 5
Er werden 1800 inwoners gevaccineerd valid Center 1
Er werden 3000 inwoners gevaccineerd valid Center 2
Er werden 5980 inwoners gevaccineerd valid Center 3
Er werden 0 inwoners gevaccineerd valid Center 4
Er werden 0 inwoners gevaccineerd valid Center 5
Er werden 2000 inwoners gevaccineerd valid Center 1
Er werden 4200 inwoners gevaccineerd valid Center 2
Er werden 7780 inwoners gevaccineerd valid Center 3
Er werden 0 inwoners gevaccineerd valid Center 4
Er werden 0 inwoners gevaccineerd valid Center 5
Er werden 0 inwoners gevaccineerd valid Center 1
Er werden 4600 inwoners gevaccineerd valid Center 2
Er werden 9780 inwoners gevaccineerd valid Center 3
Er werden 0 inwoners gevaccineerd valid Center 4
Er werden 0 inwoners gevaccineerd valid Center 5
Er werden 0 inwoners gevaccineerd valid Center 1
Er werden 4880 inwoners gevaccineerd valid Center 2
Er werden 9840 inwoners gevaccineerd valid Center 3
Er werden 0 inwoners gevaccineerd valid Center 4
Er werden 0 inwoners gevaccineerd valid Center 5
Er werden 0 inwoners gevaccineerd valid Center 1
Er werden 4180 inwoners gevaccineerd valid Center 2
Er werden 9640 inwoners gevaccineerd valid Center 3
Er werden 0 inwoners gevaccineerd valid Center 4
Er werden 0 inwoners gevaccineerd valid Center 5
Er werden 0 inwoners gevaccineerd valid Center 1
Er werden 4180 inwoners gevaccineerd valid Center 2
Er werden 9720 inwoners gevaccineerd valid Center 3
Er werden 0 inwoners gevaccineerd valid Center 4
Er werden 0 inwoners gevaccineerd valid Center 5
Er werden 0 inwoners gevaccineerd valid Center 1
Er werden 4180 inwoners gevaccineerd valid Center 2
Er werden 9720 inwoners gevaccineerd valid Center 3
Er werden 0 inwoners gevaccineerd valid Center 4
Er werden 0 inwoners gevaccineerd valid Center 5
Er werden 0 inwoners gevaccineerd valid Center 1
Er werden 4180 inwoners gevaccineerd valid Center 2
Er werden 9720 inwoners gevaccineerd valid Center 3
Er werden 0 inwoners gevaccineerd valid Center 4
Er werden 0 inwoners gevaccineerd valid Center 5
Er werden 0 inwoners gevaccineerd valid Center 1
Er werden 4180 inwoners gevaccineerd valid Center 2
Er werden 9720 inwoners gevaccineerd valid Center 3
Er werden 0 inwoners gevaccineerd valid Center 4
Er werden 0 inwoners gevaccineerd valid Center 5
Er werden 0 inwoners gevaccineerd valid Center 1
Er werden 4180 inwoners gevaccineerd valid Center 2
Er werden 9720 inwoners gevaccineerd valid Center 3
Er werden 0 inwoners gevaccineerd valid Center 4
Er werden 0 inwoners gevaccineerd valid Center 5
Er werden 0 inwoners gevaccineerd valid Center 1
Er werden 4180 inwoners gevaccineerd valid Center 2
Er werden 9720 inwoners gevaccineerd valid Center 3
Er werden 0 inwoners gevaccineerd valid Center 4
Er werden 0 inwoners gevaccineerd valid Center 5
Er werden 0 inwoners gevaccineerd valid Center 1
Er werden 4180 inwoners gevaccineerd valid Center 2
Er werden 9720 inwoners gevaccineerd valid Center 3
Er werden 0 inwoners gevaccineerd valid Center 4
Er werden 0 inwoners gevaccineerd valid Center 5
Er werden 0 inwoners gevaccineerd valid Center 1
Er werden 4180 inwoners gevaccineerd valid Center 2
Er werden 9720 inwoners gevaccineerd valid Center 3
Er werden 0 inwoners gevaccineerd valid Center 4
Er werden 0 inwoners gevaccineerd valid Center 5
Er werden 0 inwoners gevaccineerd valid Center 1
Er werden 4180 inwoners gevaccineerd valid Center 2
Er werden 9720 inwoners gevaccineerd valid Center 3
Er werden 0 inwoners gevaccineerd valid Center 4
Er werden 0 inwoners gevaccineerd valid Center 5
Er werden 0 inwoners gevaccineerd valid Center 1
Er werden 4880 inwoners gevaccineerd valid Center 2
Er werden 9640 inwoners gevaccineerd valid Center 3
Er werden 0 inwoners gevaccineerd valid Center 4
Er werden 0 inwoners gevaccineerd valid Center 5
Er werden 0 inwoners gevaccineerd valid Center 1
Er werden 4480 inwoners gevaccineerd valid Center 2
Er werden 9360 inwoners gevaccineerd valid Center 3
Er werden 0 inwoners gevaccineerd valid Center 4
Er werden 0 inwoners gevaccineerd valid Center 5
Er werden 0 inwoners gevaccineerd valid Center 1
Er werden 3500 inwoners gevaccineerd valid Center 2
Er werden 7960 inwoners gevaccineerd valid Center 3
Er werden 0 inwoners gevaccineerd valid Center 4
Er werden 0 inwoners gevaccineerd valid Center 5
Er werden 0 inwoners gevaccineerd valid Center 1
Er werden 3000 inwoners gevaccineerd valid Center 2
Er werden 7460 inwoners gevaccineerd valid Center 3
Er werden 0 inwoners gevaccineerd valid Center 4
Er werden 0 inwoners gevaccineerd valid Center 5
Er werden 0 inwoners gevaccineerd valid Center 1
Er werden 3000 inwoners gevaccineerd valid Center 2
Er werden 6980 inwoners gevaccineerd valid Center 3
Er werden 0 inwoners gevaccineerd valid Center 4
Er werden 0 inwoners gevaccineerd valid Center 5
Er werden 0 inwoners gevaccineerd valid Center 1
Er werden 3000 inwoners gevaccineerd valid Center 2
Er werden 6400 inwoners gevaccineerd valid Center 3
Er werden 0 inwoners gevaccineerd valid Center 4
Er werden 0 inwoners gevaccineerd valid Center 5
Er werden 0 inwoners gevaccineerd valid Center 1
Er werden 3000 inwoners gevaccineerd valid Center 2
Er werden 5500 inwoners gevaccineerd valid Center 3
Er werden 0 inwoners gevaccineerd valid Center 4
Er werden 0 inwoners gevaccineerd valid Center 5
Er werden 0 inwoners gevaccineerd valid Center 1
Er werden 3000 inwoners gevaccineerd valid Center 2
Er werden 5500 inwoners gevaccineerd valid Center 3
Er werden 0 inwoners gevaccineerd valid Center 4
Er werden 0 inwoners gevaccineerd valid Center 5
Er werden 0 inwoners gevaccineerd valid Center 1
Er werden 3000 inwoners gevaccineerd valid Center 2
Er werden 5500 inwoners gevaccineerd valid Center 3
Er werden 0 inwoners gevaccineerd valid Center 4
Er werden 0 inwoners gevaccineerd valid Center 5
Er werden 0 inwoners gevaccineerd valid Center 1
Er werden 4200 inwoners gevaccineerd valid Center 2
Er werden 7500 inwoners gevaccineerd valid Center 3
Er werden 0 inwoners gevaccineerd valid Center 4
Er werden 0 inwoners gevaccineerd valid Center 5
Er werden 0 inwoners gevaccineerd valid Center 1
Er werden 4600 inwoners gevaccineerd valid Center 2
Er werden 9780 inwoners gevaccineerd valid Center 3
Er werden 0 inwoners gevaccineerd valid Center 4
Er werden 0 inwoners gevaccineerd valid Center 5
Er werden 0 inwoners gevaccineerd valid Center 1
Er werden 4880 inwoners gevaccineerd valid Center 2
Er werden 9760 inwoners gevaccineerd valid Center 3
Er werden 0 inwoners gevaccineerd valid Center 4
Er werden 0 inwoners gevaccineerd valid Center 5
Er werden 0 inwoners gevaccineerd valid Center 1
Er werden 4180 inwoners gevaccineerd valid Center 2
Er werden 9540 inwoners gevaccineerd valid Center 3
Er werden 0 inwoners gevaccineerd valid Center 4
Er werden 0 inwoners gevaccineerd valid Center 5
Er werden 0 inwoners gevaccineerd valid Center 1
Er werden 4180 inwoners gevaccineerd valid Center 2
Er werden 9720 inwoners gevaccineerd valid Center 3
Er werden 0 inwoners gevaccineerd valid Center 4
Er werden 0 inwoners gevaccineerd valid Center 5
Er werden 0 inwoners gevaccineerd valid Center 1
Er werden 4180 inwoners gevaccineerd valid Center 2
Er werden 9720 inwoners gevaccineerd valid Center 3
Er werden 0 inwoners gevaccineerd valid Center 4
Er werden 0 inwoners gevaccineerd valid Center 5
Er werden 0 inwoners gevaccineerd valid Center 1
Er werden 4180 inwoners gevaccineerd valid Center 2
Er werden 9720 inwoners gevaccineerd valid Center 3
Er werden 0 inwoners gevaccineerd valid Center 4
Er werden 0 inwoners gevaccineerd valid Center 5
Er werden 0 inwoners gevaccineerd valid Center 1
Er werden 4180 inwoners gevaccineerd valid Center 2
Er werden 9720 inwoners gevaccineerd valid Center 3
Er werden 0 inwoners gevaccineerd valid Center 4
Er werden 0 inwoners gevaccineerd valid Center 5
Er werden 0 inwoners gevaccineerd valid Center 1
Er werden 4180 inwoners gevaccineerd valid Center 2
Er werden 9720 inwoners gevaccineerd valid Center 3
Er werden 0 inwoners gevaccineerd valid Center 4
Er werden 0 inwoners gevaccineerd valid Center 5
Er werden 0 inwoners gevaccineerd valid Center 1
Er werden 4180 inwoners gevaccineerd valid Center 2
Er werden 9720 inwoners gevaccineerd valid Center 3
Er werden 0 inwoners gevaccineerd valid Center 4
Er werden 0 inwoners gevaccineerd valid Center 5
Er werden 0 inwoners gevaccineerd valid Center 1
Er werden 4180 inwoners gevaccineerd valid Center 2
Er werden 9720 inwoners gevaccineerd valid Center 3
Er werden 0 inwoners gevaccineerd valid Center 4
Er werden 0 inwoners gevaccineerd valid Center 5
Er werden 0 inwoners gevaccineerd valid Center 1
Er werden 4180 inwoners gevaccineerd valid Center 2
Er werden 9720 inwoners gevaccineerd valid Center 3
Er werden 0 inwoners gevaccineerd valid Center 4
Er werden 0 inwoners gevaccineerd valid Center 5
Er werden 0 inwoners gevaccineerd valid Center 1
Er werden 4180 inwoners gevaccineerd valid Center 2
Er werden 9720 inwoners gevaccineerd valid Center 3
Er werden 0 inwoners gevaccineerd valid Center 4
Er werden 0 inwoners gevaccineerd valid Center 5
Er werden 0 inwoners gevaccineerd valid Center 1
Er werden 4880 inwoners gevaccineerd valid Center 2
Er werden 9840 inwoners gevaccineerd valid Center 3
Er werden 0 inwoners gevaccineerd valid Center 4
Er werden 0 inwoners gevaccineerd valid Center 5
Er werden 0 inwoners gevaccineerd valid Center 1
Er werden 4480 inwoners gevaccineerd valid Center 2
Er werden 8960 inwoners gevaccineerd valid Center 3
Er werden 0 inwoners gevaccineerd valid Center 4
Er werden 0 inwoners gevaccineerd valid Center 5
Er werden 0 inwoners gevaccineerd valid Center 1
Er werden 3500 inwoners gevaccineerd valid Center 2
Er werden 7960 inwoners gevaccineerd valid Center 3
Er werden 0 inwoners gevaccineerd valid Center 4
Er werden 0 inwoners gevaccineerd valid Center 5
Er werden 0 inwoners gevaccineerd valid Center 1
Er werden 3000 inwoners gevaccineerd valid Center 2
Er werden 7380 inwoners gevaccineerd valid Center 3
Er werden 0 inwoners gevaccineerd valid Center 4
Er werden 0 inwoners gevaccineerd valid Center 5
Er werden 0 inwoners gevaccineerd valid Center 1
Er werden 3000 inwoners gevaccineerd valid Center 2
Er werden 6480 inwoners gevaccineerd valid Center 3
Er werden 0 inwoners gevaccineerd valid Center 4
Er werden 0 inwoners gevaccineerd valid Center 5
Er werden 0 inwoners gevaccineerd valid Center 1
Er werden 3000 inwoners gevaccineerd valid Center 2
Er werden 6000 inwoners gevaccineerd valid Center 3
Er werden 0 inwoners gevaccineerd valid Center 4
Er werden 0 inwoners gevaccineerd valid Center 5
Er werden 0 inwoners gevaccineerd valid Center 1
Er werden 3000 inwoners gevaccineerd valid Center 2
Er werden 5500 inwoners gevaccineerd valid Center 3
Er werden 0 inwoners gevaccineerd valid Center 4
Er werden 0 inwoners gevaccineerd valid Center 5
Er werden 0 inwoners gevaccineerd valid Center 1
Er werden 3000 inwoners gevaccineerd valid Center 2
Er werden 5500 inwoners gevaccineerd valid Center 3
Er werden 0 inwoners gevaccineerd valid Center 4
Er werden 0 inwoners gevaccineerd valid Center 5
Er werden 0 inwoners gevaccineerd valid Center 1
Er werden 3000 inwoners gevaccineerd valid Center 2
Er werden 5500 inwoners gevaccineerd valid Center 3
Er werden 0 inwoners gevaccineerd valid Center 4
Er werden 0 inwoners gevaccineerd valid Center 5
Er werden 0 inwoners gevaccineerd valid Center 1
Er werden 4200 inwoners gevaccineerd valid Center 2
Er werden 7100 inwoners gevaccineerd valid Center 3
Er werden 0 inwoners gevaccineerd valid Center 4
Er werden 0 inwoners gevaccineerd valid Center 5
Er werden 0 inwoners gevaccineerd valid Center 1
Er werden 4600 inwoners gevaccineerd valid Center 2
Er werden 9880 inwoners gevaccineerd valid Center 3
Er werden 0 inwoners gevaccineerd valid Center 4
Er werden 0 inwoners gevaccineerd valid Center 5
Er werden 0 inwoners gevaccineerd valid Center 1
Er werden 4880 inwoners gevaccineerd valid Center 2
Er werden 9960 inwoners gevaccineerd valid Center 3
Er werden 0 inwoners gevaccineerd valid Center 4
Er werden 0 inwoners gevaccineerd valid Center 5
Er werden 0 inwoners gevaccineerd valid Center 1
Er werden 4180 inwoners gevaccineerd valid Center 2
Er werden 9820 inwoners gevaccineerd valid Center 3
Er werden 0 inwoners gevaccineerd valid Center 4
Er werden 0 inwoners gevaccineerd valid Center 5
Er werden 0 inwoners gevaccineerd valid Center 1
Er werden 4180 inwoners gevaccineerd valid Center 2
Er werden 9720 inwoners gevaccineerd valid Center 3
Er werden 0 inwoners gevaccineerd valid Center 4
Er werden 0 inwoners gevaccineerd valid Center 5
Er werden 0 inwoners gevaccineerd valid Center 1
Er werden 4180 inwoners gevaccineerd valid Center 2
Er werden 9720 inwoners gevaccineerd valid Center 3
Er werden 0 inwoners gevaccineerd valid Center 4
Er werden 0 inwoners gevaccineerd valid Center 5
Er werden 0 inwoners gevaccineerd valid Center 1
Er werden 4180 inwoners gevaccineerd valid Center 2
Er werden 9720 inwoners gevaccineerd valid Center 3
Er werden 0 inwoners gevaccineerd valid Center 4
Er werden 0 inwoners gevaccineerd valid Center 5
Er werden 0 inwoners gevaccineerd valid Center 1
Er werden 4180 inwoners gevaccineerd valid Center 2
Er werden 9720 inwoners gevaccineerd valid Center 3
Er werden 0 inwoners gevaccineerd valid Center 4
Er werden 0 inwoners gevaccineerd valid Center 5
Er werden 0 inwoners gevaccineerd valid Center 1
Er werden 4180 inwoners gevaccineerd valid Center 2
Er werden 9720 inwoners gevaccineerd valid Center 3
Er werden 0 inwoners gevaccineerd valid Center 4
Er werden 0 inwoners gevaccineerd valid Center 5
Er werden 0 inwoners gevaccineerd valid Center 1
Er werden 4180 inwoners gevaccineerd valid Center 2
Er werden 9720 inwoners gevaccineerd valid Center 3
Er werden 0 inwoners gevaccineerd valid Center 4
Er werden 0 inwoners gevaccineerd valid Center 5
Er werden 0 inwoners gevaccineerd valid Center 1
Er werden 4180 inwoners gevaccineerd valid Center 2
Er werden 9720 inwoners gevaccineerd valid Center 3
Er werden 0 inwoners gevaccineerd valid Center 4
Er werden 0 inwoners gevaccineerd valid Center 5
Er werden 0 inwoners gevaccineerd valid Center 1
Er werden 4180 inwoners gevaccineerd valid Center 2
Er werden 9720 inwoners gevaccineerd valid Center 3
Er werden 0 inwoners gevaccineerd valid Center 4
Er werden 0 inwoners gevaccineerd valid Center 5
Er werden 0 inwoners gevaccineerd valid Center 1
Er werden 4180 inwoners gevaccineerd valid Center 2
Er werden 9720 inwoners gevaccineerd valid Center 3
Er werden 0 inwoners gevaccineerd valid Center 4
Er werden 0 inwoners gevaccineerd valid Center 5
Er werden 0 inwoners gevaccineerd valid Center 1
Er werden 4880 inwoners gevaccineerd valid Center 2
Er werden 9640 inwoners gevaccineerd valid Center 3
Er werden 0 inwoners gevaccineerd valid Center 4
Er werden 0 inwoners gevaccineerd valid Center 5
Er werden 0 inwoners gevaccineerd valid Center 1
Er werden 4480 inwoners gevaccineerd valid Center 2
Er werden 9440 inwoners gevaccineerd valid Center 3
Er werden 0 inwoners gevaccineerd valid Center 4
Er werden 0 inwoners gevaccineerd valid Center 5
Er werden 0 inwoners gevaccineerd valid Center 1
Er werden 3500 inwoners gevaccineerd valid Center 2
Er werden 8380 inwoners gevaccineerd valid Center 3
Er werden 0 inwoners gevaccineerd valid Center 4
Er werden 0 inwoners gevaccineerd valid Center 5
Er werden 0 inwoners gevaccineerd valid Center 1
Er werden 3000 inwoners gevaccineerd valid Center 2
Er werden 6980 inwoners gevaccineerd valid Center 3
Er werden 0 inwoners gevaccineerd valid Center 4
Er werden 0 inwoners gevaccineerd valid Center 5
Er werden 0 inwoners gevaccineerd valid Center 1
Er werden 3000 inwoners gevaccineerd valid Center 2
Er werden 6480 inwoners gevaccineerd valid Center 3
Er werden 0 inwoners gevaccineerd valid Center 4
Er werden 0 inwoners gevaccineerd valid Center 5
Er werden 0 inwoners gevaccineerd valid Center 1
Er werden 3000 inwoners gevaccineerd valid Center 2
Er werden 6000 inwoners gevaccineerd valid Center 3
Er werden 0 inwoners gevaccineerd valid Center 4
Er werden 0 inwoners gevaccineerd valid Center 5
Er werden 0 inwoners gevaccineerd valid Center 1
Er werden 3000 inwoners gevaccineerd valid Center 2
Er werden 5980 inwoners gevaccineerd valid Center 3
Er werden 0 inwoners gevaccineerd valid Center 4
Er werden 0 inwoners gevaccineerd valid Center 5
Er werden 0 inwoners gevaccineerd valid Center 1
Er werden 3000 inwoners gevaccineerd valid Center 2
Er werden 5980 inwoners gevaccineerd valid Center 3
Er werden 0 inwoners gevaccineerd valid Center 4
Er werden 0 inwoners gevaccineerd valid Center 5
Er werden 0 inwoners gevaccineerd valid Center 1
Er werden 3000 inwoners gevaccineerd valid Center 2
Er werden 5980 inwoners gevaccineerd valid Center 3
Er werden 0 inwoners gevaccineerd valid Center 4
Er werden 0 inwoners gevaccineerd valid Center 5
Er werden 0 inwoners gevaccineerd valid Center 1
Er werden 4200 inwoners gevaccineerd valid Center 2
Er werden 7780 inwoners gevaccineerd valid Center 3
Er werden 0 inwoners gevaccineerd valid Center 4
Er werden 0 inwoners gevaccineerd valid Center 5
Er werden 0 inwoners gevaccineerd valid Center 1
Er werden 4600 inwoners gevaccineerd valid Center 2
Er werden 9780 inwoners gevaccineerd valid Center 3
Er werden 0 inwoners gevaccineerd valid Center 4
Er werden 0 inwoners gevaccineerd valid Center 5
Er werden 0 inwoners gevaccineerd valid Center 1
Er werden 4880 inwoners gevaccineerd valid Center 2
Er werden 9840 inwoners gevaccineerd valid Center 3
Er werden 0 inwoners gevaccineerd valid Center 4
Er werden 0 inwoners gevaccineerd valid Center 5
Er werden 0 inwoners gevaccineerd valid Center 1
Er werden 4180 inwoners gevaccineerd valid Center 2
Er werden 9640 inwoners gevaccineerd valid Center 3
Er werden 0 inwoners gevaccineerd valid Center 4
Er werden 0 inwoners gevaccineerd valid Center 5
Er werden 0 inwoners gevaccineerd valid Center 1
Er werden 4180 inwoners gevaccineerd valid Center 2
Er werden 9720 inwoners gevaccineerd valid Center 3
Er werden 0 inwoners gevaccineerd valid Center 4
Er werden 0 inwoners gevaccineerd valid Center 5
Er werden 0 inwoners gevaccineerd valid Center 1
Er werden 4180 inwoners gevaccineerd valid Center 2
Er werden 9720 inwoners gevaccineerd valid Center 3
Er werden 0 inwoners gevaccineerd valid Center 4
Er werden 0 inwoners gevaccineerd valid Center 5
Er werden 0 inwoners gevaccineerd valid Center 1
Er werden 4180 inwoners gevaccineerd valid Center 2
Er werden 9720 inwoners gevaccineerd valid Center 3
Er werden 0 inwoners gevaccineerd valid Center 4
Er werden 0 inwoners gevaccineerd valid Center 5
Er werden 0 inwoners gevaccineerd valid Center 1
Er werden 4180 inwoners gevaccineerd valid Center 2
Er werden 9720 inwoners gevaccineerd valid Center 3
Er werden 0 inwoners gevaccineerd valid Center 4
Er werden 0 inwoners gevaccineerd valid Center 5
